[
  {
    "attributePath" : "attributePath1"
  },
  {
    "attributePath" : "attributePath2"
  },
  {
    "attributePath" : "attributePath3"
  },
  {
    "attributePath" : "attributePath4"
  }
]