{
  "conditions" : [
    {
      "leftHandSide" : "lhs1",
      "operator" : "op1",
      "rightHandSide" : "rhs1"
    }
  ],
  "operator" : "and"
}