{
  "conditionGroups" : [
    {
      "conditionGroups" : [
        {
          "conditions" : [
            {
              "leftHandSide" : "field2"
            }
          ],
          "operator" : "and"
        }
      ],
      "operator" : "and"
    }
  ],
  "operator" : "and"
}